[     384ms] [INFO] %cDownload the React DevTools for a better development experience: https://react.dev/link/react-devtools font-weight:bold @ http://localhost:5173/node_modules/.vite/deps/react-dom_client.js?v=cda22d0f:14336
[     477ms] [LOG] [push] trySubscribe — permission: granted @ http://localhost:5173/src/App.tsx?t=1781090976472:352
[     477ms] [LOG] [push] calling subscribe… @ http://localhost:5173/src/App.tsx?t=1781090976472:359
[     477ms] [LOG] [push] awaiting service worker ready… @ http://localhost:5173/src/hooks/usePushSubscription.ts:36
[  406407ms] [LOG] [vite] server connection lost. Polling for restart... @ http://localhost:5173/@vite/client:968
[  407441ms] [INFO] %cDownload the React DevTools for a better development experience: https://react.dev/link/react-devtools font-weight:bold @ http://localhost:5173/node_modules/.vite/deps/react-dom_client.js?v=cda22d0f:14336
[  407529ms] [LOG] [push] trySubscribe — permission: granted @ http://localhost:5173/src/App.tsx?t=1781090976472:352
[  407529ms] [LOG] [push] calling subscribe… @ http://localhost:5173/src/App.tsx?t=1781090976472:359
[  407529ms] [LOG] [push] awaiting service worker ready… @ http://localhost:5173/src/hooks/usePushSubscription.ts:36
[ 2567431ms] [LOG] [vite] server connection lost. Polling for restart... @ http://localhost:5173/@vite/client:968
[ 2568247ms] [INFO] %cDownload the React DevTools for a better development experience: https://react.dev/link/react-devtools font-weight:bold @ http://localhost:5173/node_modules/.vite/deps/react-dom_client.js?v=cda22d0f:14336
[ 2568331ms] [LOG] [push] trySubscribe — permission: granted @ http://localhost:5173/src/App.tsx?t=1781090976472:352
[ 2568331ms] [LOG] [push] calling subscribe… @ http://localhost:5173/src/App.tsx?t=1781090976472:359
[ 2568331ms] [LOG] [push] awaiting service worker ready… @ http://localhost:5173/src/hooks/usePushSubscription.ts:36
[ 3639621ms] [LOG] [vite] server connection lost. Polling for restart... @ http://localhost:5173/@vite/client:968
[ 3644843ms] [INFO] %cDownload the React DevTools for a better development experience: https://react.dev/link/react-devtools font-weight:bold @ http://localhost:5173/node_modules/.vite/deps/react-dom_client.js?v=cda22d0f:14336
[ 3644933ms] [LOG] [push] trySubscribe — permission: granted @ http://localhost:5173/src/App.tsx:352
[ 3644934ms] [LOG] [push] calling subscribe… @ http://localhost:5173/src/App.tsx:359
[ 3644934ms] [LOG] [push] awaiting service worker ready… @ http://localhost:5173/src/hooks/usePushSubscription.ts:36
[ 5044858ms] [INFO] %cDownload the React DevTools for a better development experience: https://react.dev/link/react-devtools font-weight:bold @ http://localhost:5173/node_modules/.vite/deps/react-dom_client.js?v=cda22d0f:14336
[ 5044959ms] [LOG] [push] awaiting service worker ready… @ http://localhost:5173/src/hooks/usePushSubscription.ts:36
[ 5163496ms] [LOG] [vite] server connection lost. Polling for restart... @ http://localhost:5173/@vite/client:968
[ 5165409ms] [INFO] %cDownload the React DevTools for a better development experience: https://react.dev/link/react-devtools font-weight:bold @ http://localhost:5173/node_modules/.vite/deps/react-dom_client.js?v=cda22d0f:14336
[ 5165495ms] [LOG] [push] awaiting service worker ready… @ http://localhost:5173/src/hooks/usePushSubscription.ts:36
[ 7387252ms] [LOG] [vite] server connection lost. Polling for restart... @ http://localhost:5173/@vite/client:968
[ 7388109ms] [INFO] %cDownload the React DevTools for a better development experience: https://react.dev/link/react-devtools font-weight:bold @ http://localhost:5173/node_modules/.vite/deps/react-dom_client.js?v=cda22d0f:14336
[ 7388208ms] [LOG] [push] awaiting service worker ready… @ http://localhost:5173/src/hooks/usePushSubscription.ts:36
[ 8285555ms] [LOG] [vite] server connection lost. Polling for restart... @ http://localhost:5173/@vite/client:968
[ 8286448ms] [INFO] %cDownload the React DevTools for a better development experience: https://react.dev/link/react-devtools font-weight:bold @ http://localhost:5173/node_modules/.vite/deps/react-dom_client.js?v=cda22d0f:14336
[ 8286544ms] [LOG] [push] awaiting service worker ready… @ http://localhost:5173/src/hooks/usePushSubscription.ts:36
